<html>
<body>
<pre>
<h1>礦ision Build Log</h1>
<h2>Tool Versions:</h2>
IDE-Version: μVision V5.24.2.0
Copyright (C) 2017 ARM Ltd and ARM Germany GmbH. All rights reserved.
License Information: xia dieying, nbut, LIC=14HV2-9GK4B-TG07T-RF4LT-ERB70-68XNI
 
Tool Versions:
Toolchain:       MDK-ARM Plus  Version: 5.24.1
Toolchain Path:  D:\SoftWares\Keil_v5\ARM\ARMCC\Bin
C Compiler:      Armcc.exe V5.06 update 5 (build 528)
Assembler:       Armasm.exe V5.06 update 5 (build 528)
Linker/Locator:  ArmLink.exe V5.06 update 5 (build 528)
Library Manager: ArmAr.exe V5.06 update 5 (build 528)
Hex Converter:   FromElf.exe V5.06 update 5 (build 528)
CPU DLL:         SARMCM3.DLL V5.24.1
Dialog DLL:      DARMSTM.DLL V1.68.0.0
Target DLL:      CMSIS_AGDI.dll V1.28.3.0
Dialog DLL:      TARMSTM.DLL V1.66.0.0
 
<h2>Project:</h2>
E:\Outstanding Engineer\Project2\test1\WHEELTEC B570\USER\MiniBalance.uvprojx
Project File Date:  05/20/2025

<h2>Output:</h2>
*** Using Compiler 'V5.06 update 5 (build 528)', folder: 'D:\SoftWares\Keil_v5\ARM\ARMCC\Bin'
Build target 'MiniBalance'
compiling control.c...
..\MiniBalance\CONTROL\control.c(228): warning:  #177-D: variable "Last_bias"  was declared but never referenced
  		static int ControlVelocity, Last_bias; //静态变量，函数调用结束后其值依然存在
..\MiniBalance\CONTROL\control.c(251): warning:  #550-D: variable "Gyro_bias"  was set but never used
  	float Angle_bias, Angle_bias_Last, Gyro_bias;
..\MiniBalance\CONTROL\control.c(458): warning:  #550-D: variable "accel_x"  was set but never used
  	float gyro_x, gyro_y,gyro_z, accel_x, accel_y, accel_z;
..\MiniBalance\CONTROL\control.c(458): warning:  #550-D: variable "accel_y"  was set but never used
  	float gyro_x, gyro_y,gyro_z, accel_x, accel_y, accel_z;
..\MiniBalance\CONTROL\control.c(458): warning:  #550-D: variable "accel_z"  was set but never used
  	float gyro_x, gyro_y,gyro_z, accel_x, accel_y, accel_z;
..\MiniBalance\CONTROL\control.c: 5 warnings, 0 errors
linking...
Program Size: Code=56154 RO-data=6534 RW-data=936 ZI-data=6904  
FromELF: creating hex file...
"..\OBJ\MiniBalance.axf" - 0 Error(s), 5 Warning(s).

<h2>Software Packages used:</h2>

Package Vendor: ARM
                http://www.keil.com/pack/ARM.CMSIS.5.0.1.pack
                ARM.CMSIS.5.0.1
                CMSIS (Cortex Microcontroller Software Interface Standard)
   * Component: CORE Version: 5.0.1

Package Vendor: Keil
                http://www.keil.com/pack/Keil.STM32F1xx_DFP.2.4.0.pack
                Keil.STM32F1xx_DFP.2.4.0
                STMicroelectronics STM32F1 Series Device Support, Drivers and Examples

<h2>Collection of Component include folders:</h2>
  .\RTE\_MiniBalance
  D:\SoftWares\Keil_v5\ARM\PACK\ARM\CMSIS\5.0.1\CMSIS\Include
  D:\SoftWares\Keil_v5\ARM\PACK\Keil\STM32F1xx_DFP\2.4.0\Device\Include

<h2>Collection of Component Files used:</h2>

   * Component: ARM::CMSIS:CORE:5.0.1
Build Time Elapsed:  00:00:01
</pre>
</body>
</html>
